---
source: tests/test_cli.rs
info:
  program: mk
  args:
    - test
---
success: true
exit_code: 0
----- stdout -----
This is a test var: success

----- stderr -----
